C51 COMPILER V9.52.0.0   STC12_IT                                                          12/16/2018 13:17:05 PAGE 1   


C51 COMPILER V9.52.0.0, COMPILATION OF MODULE STC12_IT
OBJECT MODULE PLACED IN .\Listings\STC12_IT.obj
COMPILER INVOKED BY: C:\Keil\C51\BIN\C51.EXE USER\STC12_IT.c LARGE BROWSE INCDIR(.\USER) DEBUG OBJECTEXTEND PRINT(.\List
                    -ings\STC12_IT.lst) TABS(2) OBJECT(.\Listings\STC12_IT.obj)

line level    source

   1          #include "STC12_IT.h"
   2          #include "User_Program.h"
   3          void USART_IT_Confguration(unsigned char Return)
   4          {
   5   1        if(Return=='^')
   6   1          LED0=~LED0;
   7   1      }


MODULE INFORMATION:   STATIC OVERLAYABLE
   CODE SIZE        =      7    ----
   CONSTANT SIZE    =   ----    ----
   XDATA SIZE       =   ----    ----
   PDATA SIZE       =   ----    ----
   DATA SIZE        =   ----    ----
   IDATA SIZE       =   ----    ----
   BIT SIZE         =   ----    ----
END OF MODULE INFORMATION.


C51 COMPILATION COMPLETE.  0 WARNING(S),  0 ERROR(S)
